[pdpf.weebly.com/index.html]
[backblue.gif]
[fade.gif]
[index.html]
[licensebuttons.net/l/by-nc-nd/4.0/88x31.png]
[cdn2.editmysite.com/css/sitesd438.css]
[cdn2.editmysite.com/css/old/fancybox81dc.css]
[cdn2.editmysite.com/css/social-icons4315.css]
[pdpf.weebly.com/files/main_stylee5f4.css]
[pdpf.weebly.com/uploads/1/1/5/5/11550089/background-images/1458140436.jpg]
[ajax.googleapis.com/ajax/libs/jquery/1.8.3/jquery.min.js]
[cdn2.editmysite.com/js/lang/en/stlaf0d.js]
[cdn2.editmysite.com/js/site/maind438.js]
[cdn2.editmysite.com/js/lang/en/stlf4ed.js]
[www.google.com/recaptcha/api.js]
[pdpf.weebly.com/nature.html]
[pdpf.weebly.com/portraits.html]
[pdpf.weebly.com/arts--others.html]
[pdpf.weebly.com/buy-photosprints.html]
[pdpf.weebly.com/about.html]
[cdn2.editmysite.com/images/site/footer/footer-toast-published-image-1.png]
[cdn2.editmysite.com/js/site/footerSignupd438.js]
[pdpf.weebly.com/files/theme/plugins8260.js]
[pdpf.weebly.com/files/theme/custom8260.js]
[cdn2.editmysite.com/js/site/main-customer-accounts-sited438.js]
[pdpf.weebly.com/index.html]
[cdn2.editmysite.com/js/wsnbn/snowday262.js]
[fonts.googleapis.com/cssa1a9.css]
[fonts.googleapis.com/cssb6ea.css]
[pdpf.weebly.com/uploads/1/1/5/5/11550089/5723829.jpg]
[pdpf.weebly.com/uploads/1/1/5/5/11550089/9712787.jpg]
[pdpf.weebly.com/uploads/1/1/5/5/11550089/5849355.jpg]
[pdpf.weebly.com/uploads/1/1/5/5/11550089/7629526.jpg]
[pdpf.weebly.com/uploads/1/1/5/5/11550089/4970045.jpg]
[pdpf.weebly.com/uploads/1/1/5/5/11550089/7084295.jpg]
[pdpf.weebly.com/uploads/1/1/5/5/11550089/9412391.jpg]
[pdpf.weebly.com/uploads/1/1/5/5/11550089/4902781.jpg]
[pdpf.weebly.com/uploads/1/1/5/5/11550089/1811814.jpg]
[pdpf.weebly.com/uploads/1/1/5/5/11550089/568866.jpg]
[pdpf.weebly.com/uploads/1/1/5/5/11550089/5723829_orig.jpg]
[pdpf.weebly.com/uploads/1/1/5/5/11550089/9712787_orig.jpg]
[pdpf.weebly.com/uploads/1/1/5/5/11550089/5849355_orig.jpg]
[pdpf.weebly.com/uploads/1/1/5/5/11550089/7629526_orig.jpg]
[pdpf.weebly.com/uploads/1/1/5/5/11550089/4970045_orig.jpg]
[pdpf.weebly.com/uploads/1/1/5/5/11550089/7084295_orig.jpg]
[pdpf.weebly.com/uploads/1/1/5/5/11550089/9412391_orig.jpg]
[pdpf.weebly.com/uploads/1/1/5/5/11550089/4902781_orig.jpg]
[pdpf.weebly.com/uploads/1/1/5/5/11550089/1811814_orig.jpg]
[pdpf.weebly.com/uploads/1/1/5/5/11550089/568866_orig.jpg]
[pdpf.weebly.com/uploads/1/1/5/5/11550089/1959261_orig.jpg]
[pdpf.weebly.com/uploads/1/1/5/5/11550089/1959261.jpg]
[pdpf.weebly.com/uploads/1/1/5/5/11550089/1598052_orig.jpg]
[pdpf.weebly.com/uploads/1/1/5/5/11550089/1598052.jpg]
[pdpf.weebly.com/uploads/1/1/5/5/11550089/3826421_orig.jpg]
[pdpf.weebly.com/uploads/1/1/5/5/11550089/3826421.jpg]
[pdpf.weebly.com/uploads/1/1/5/5/11550089/3180910_orig.jpg]
[pdpf.weebly.com/uploads/1/1/5/5/11550089/3180910.jpg]
[pdpf.weebly.com/uploads/1/1/5/5/11550089/3056728_orig.jpg]
[pdpf.weebly.com/uploads/1/1/5/5/11550089/3056728.jpg]
[pdpf.weebly.com/uploads/1/1/5/5/11550089/4757958_orig.jpg]
[pdpf.weebly.com/uploads/1/1/5/5/11550089/4757958.jpg]
[pdpf.weebly.com/uploads/1/1/5/5/11550089/8278791_orig.jpg]
[pdpf.weebly.com/uploads/1/1/5/5/11550089/8278791.jpg]
[pdpf.weebly.com/uploads/1/1/5/5/11550089/1284614_orig.jpg]
[pdpf.weebly.com/uploads/1/1/5/5/11550089/1284614.jpg]
[pdpf.weebly.com/uploads/1/1/5/5/11550089/2739779_orig.jpg]
[pdpf.weebly.com/uploads/1/1/5/5/11550089/2739779.jpg]
[pdpf.weebly.com/uploads/1/1/5/5/11550089/4384237_orig.jpg]
[pdpf.weebly.com/uploads/1/1/5/5/11550089/4384237.jpg]
[pdpf.weebly.com/uploads/1/1/5/5/11550089/2556194_orig.jpg]
[pdpf.weebly.com/uploads/1/1/5/5/11550089/2556194.jpg]
[pdpf.weebly.com/uploads/1/1/5/5/11550089/9794165_orig.jpg]
[pdpf.weebly.com/uploads/1/1/5/5/11550089/9794165.jpg]
[pdpf.weebly.com/uploads/1/1/5/5/11550089/3899925_orig.jpg]
[pdpf.weebly.com/uploads/1/1/5/5/11550089/3899925.jpg]
[pdpf.weebly.com/uploads/1/1/5/5/11550089/2473071_orig.jpg]
[pdpf.weebly.com/uploads/1/1/5/5/11550089/2473071.jpg]
[pdpf.weebly.com/uploads/1/1/5/5/11550089/4833833_orig.jpg]
[pdpf.weebly.com/uploads/1/1/5/5/11550089/4833833.jpg]
[pdpf.weebly.com/uploads/1/1/5/5/11550089/9598556_orig.jpg]
[pdpf.weebly.com/uploads/1/1/5/5/11550089/9598556.jpg]
[pdpf.weebly.com/uploads/1/1/5/5/11550089/9378893_orig.jpg]
[pdpf.weebly.com/uploads/1/1/5/5/11550089/9378893.jpg]
[pdpf.weebly.com/uploads/1/1/5/5/11550089/7371108_orig.jpg]
[pdpf.weebly.com/uploads/1/1/5/5/11550089/7371108.jpg]
[pdpf.weebly.com/uploads/1/1/5/5/11550089/7675350_orig.jpg]
[pdpf.weebly.com/uploads/1/1/5/5/11550089/7675350.jpg]
[pdpf.weebly.com/uploads/1/1/5/5/11550089/4877542_orig.jpg]
[pdpf.weebly.com/uploads/1/1/5/5/11550089/4877542.jpg]
[pdpf.weebly.com/uploads/1/1/5/5/11550089/2510170_orig.jpg]
[pdpf.weebly.com/uploads/1/1/5/5/11550089/2510170.jpg]
[pdpf.weebly.com/uploads/1/1/5/5/11550089/1943596_orig.jpg]
[pdpf.weebly.com/uploads/1/1/5/5/11550089/1943596.jpg]
[pdpf.weebly.com/uploads/1/1/5/5/11550089/2545991_orig.jpg]
[pdpf.weebly.com/uploads/1/1/5/5/11550089/2545991.jpg]
[pdpf.weebly.com/uploads/1/1/5/5/11550089/7611219_orig.jpg]
[pdpf.weebly.com/nature.html]
[pdpf.weebly.com/uploads/1/1/5/5/11550089/7611219.jpg]
[pdpf.weebly.com/uploads/1/1/5/5/11550089/2532644.jpg]
[pdpf.weebly.com/uploads/1/1/5/5/11550089/4918235.jpg]
[pdpf.weebly.com/uploads/1/1/5/5/11550089/6819014.jpg]
[pdpf.weebly.com/uploads/1/1/5/5/11550089/8231006.jpg]
[pdpf.weebly.com/uploads/1/1/5/5/11550089/3868592.jpg]
[pdpf.weebly.com/uploads/1/1/5/5/11550089/86678.jpg]
[pdpf.weebly.com/uploads/1/1/5/5/11550089/1874169.jpg]
[pdpf.weebly.com/uploads/1/1/5/5/11550089/2405453.jpg]
[pdpf.weebly.com/uploads/1/1/5/5/11550089/4758861.jpg]
[pdpf.weebly.com/uploads/1/1/5/5/11550089/5163511.jpg]
[pdpf.weebly.com/uploads/1/1/5/5/11550089/2532644_orig.jpg]
[pdpf.weebly.com/uploads/1/1/5/5/11550089/4918235_orig.jpg]
[pdpf.weebly.com/uploads/1/1/5/5/11550089/6819014_orig.jpg]
[pdpf.weebly.com/uploads/1/1/5/5/11550089/8231006_orig.jpg]
[pdpf.weebly.com/uploads/1/1/5/5/11550089/3868592_orig.jpg]
[pdpf.weebly.com/uploads/1/1/5/5/11550089/86678_orig.jpg]
[pdpf.weebly.com/uploads/1/1/5/5/11550089/1874169_orig.jpg]
[pdpf.weebly.com/uploads/1/1/5/5/11550089/2405453_orig.jpg]
[pdpf.weebly.com/uploads/1/1/5/5/11550089/4758861_orig.jpg]
[pdpf.weebly.com/uploads/1/1/5/5/11550089/5163511_orig.jpg]
[pdpf.weebly.com/uploads/1/1/5/5/11550089/6585347_orig.jpg]
[pdpf.weebly.com/uploads/1/1/5/5/11550089/6585347.jpg]
[pdpf.weebly.com/uploads/1/1/5/5/11550089/2506399_orig.jpg]
[pdpf.weebly.com/uploads/1/1/5/5/11550089/2506399.jpg]
[pdpf.weebly.com/uploads/1/1/5/5/11550089/7896433_orig.jpg]
[pdpf.weebly.com/uploads/1/1/5/5/11550089/7896433.jpg]
[pdpf.weebly.com/uploads/1/1/5/5/11550089/2042465_orig.jpg]
[pdpf.weebly.com/uploads/1/1/5/5/11550089/2042465.jpg]
[pdpf.weebly.com/uploads/1/1/5/5/11550089/2774376_orig.jpg]
[pdpf.weebly.com/uploads/1/1/5/5/11550089/2774376.jpg]
[pdpf.weebly.com/portraits.html]
[cdn2.editmysite.com/images/site/footer/og-image-placeholder-blank.png]
[pdpf.weebly.com/arts--others.html]
[pdpf.weebly.com/buy-photosprints.html]
[pdpf.weebly.com/about.html]
[pdpf.weebly.com/_/uploads/1/1/5/5/11550089/background-images/1458140436.html]
[pdpf.weebly.com/www.pdphoto.html]
[pdpf.weebly.com/uploads/1/1/5/5/11550089/background-images/1458140436.jpg]
[cdn2.editmysite.com/images/util/videojs/white-bar.png]
[cdn2.editmysite.com/images/util/videojs/@2x/white-bar.png]
[cdn2.editmysite.com/images/util/videojs/gradient.png]
[cdn2.editmysite.com/images/util/videojs/@2x/gradient.png]
[cdn2.editmysite.com/sprites/util/videojs-sacae758aa2.png]
[cdn2.editmysite.com/sprites/util/videojs/@2x-s2aff7e7d9a.png]
[cdn2.editmysite.com/images/util/videojs/volume-filled.png]
[cdn2.editmysite.com/images/util/videojs/@2x/volume-filled.png]
[www.google.com/recaptcha/api.js]
[cdn2.editmysite.com/images/util/videojs/volume-mute.png]
[cdn2.editmysite.com/images/site/footer/footer-toast-published-image-1.png]
[cdn2.editmysite.com/images/util/videojs/@2x/volume-mute.png]
[cdn2.editmysite.com/images/util/videojs/blue-bar.png]
[pdpf.weebly.com/files/theme/plugins8260.js]
[cdn2.editmysite.com/images/util/videojs/@2x/blue-bar.png]
[pdpf.weebly.com/files/theme/custom8260.js]
[cdn2.editmysite.com/images/util/videojs/maximize-icon.png]
[pdpf.weebly.com/uploads/1/1/5/5/11550089/5723829.jpg]
[cdn2.editmysite.com/images/util/videojs/@2x/maximize-icon.png]
[pdpf.weebly.com/uploads/1/1/5/5/11550089/7629526.jpg]
[ajax.googleapis.com/ajax/libs/jquery/1.8.3/jquery.min.js]
[cdn2.editmysite.com/images/util/videojs/minimize-icon.png]
[pdpf.weebly.com/uploads/1/1/5/5/11550089/4902781.jpg]
[cdn2.editmysite.com/images/util/videojs/@2x/minimize-icon.png]
[pdpf.weebly.com/uploads/1/1/5/5/11550089/1811814.jpg]
[pdpf.weebly.com/uploads/1/1/5/5/11550089/9712787_orig.jpg]
[cdn2.editmysite.com/images/util/videojs/play-icon.png]
[pdpf.weebly.com/uploads/1/1/5/5/11550089/7629526_orig.jpg]
[pdpf.weebly.com/uploads/1/1/5/5/11550089/7084295_orig.jpg]
[cdn2.editmysite.com/images/util/videojs/@2x/play-icon.png]
[cdn2.editmysite.com/images/util/videojs/sad-face.png]
[cdn2.editmysite.com/images/util/videojs/@2x/sad-face.png]
[pdpf.weebly.com/uploads/1/1/5/5/11550089/3826421_orig.jpg]
[pdpf.weebly.com/uploads/1/1/5/5/11550089/3826421.jpg]
[cdn2.editmysite.com/images/util/videojs/loading-icon.png]
[cdn2.editmysite.com/images/util/videojs/@2x/loading-icon.png]
[cdn2.editmysite.com/images/common/buttons/small_grey.png]
[pdpf.weebly.com/uploads/1/1/5/5/11550089/3180910.jpg]
[cdn2.editmysite.com/images/common/buttons/small_blue.png]
[cdn2.editmysite.com/images/old/button/large_grey.png]
[cdn2.editmysite.com/images/common/buttons/large_blue.png]
[cdn2.editmysite.com/images/common/search-light.png]
[cdn2.editmysite.com/images/common/social_icons.png]
[cdn2.editmysite.com/images/common/blog/blog-comment-button.png]
[cdn2.editmysite.com/images/common/blog/blog-comment-header.png]
[pdpf.weebly.com/uploads/1/1/5/5/11550089/2739779_orig.jpg]
[cdn2.editmysite.com/images/common/blog/blog-comment-pointer.png]
[cdn2.editmysite.com/images/common/blog/blog-comment-link.png]
[cdn2.editmysite.com/images/common/blog/blog-comment-header-author.png]
[pdpf.weebly.com/uploads/1/1/5/5/11550089/2556194_orig.jpg]
[cdn2.editmysite.com/images/common/blog/blog-comment-pointer-author.png]
[cdn2.editmysite.com/images/common/blog/blog-comment-field-bg.png]
[cdn2.editmysite.com/images/common/blog/dark-blog-comment-header.png]
[pdpf.weebly.com/uploads/1/1/5/5/11550089/3899925.jpg]
[cdn2.editmysite.com/images/common/blog/dark-blog-comment-pointer.png]
[cdn2.editmysite.com/images/common/blog/dark-blog-comment-header-author.png]
[pdpf.weebly.com/uploads/1/1/5/5/11550089/4833833.jpg]
[cdn2.editmysite.com/images/common/blog/dark-blog-comment-pointer-author.png]
[cdn2.editmysite.com/images/common/blog/dark-blog-comment-link.png]
[pdpf.weebly.com/uploads/1/1/5/5/11550089/9598556.jpg]
[cdn2.editmysite.com/images/util/general/blank.gif]
[cdn2.editmysite.com/images/common/lightbox/prevlabel.gif]
[pdpf.weebly.com/uploads/1/1/5/5/11550089/7675350_orig.jpg]
[cdn2.editmysite.com/images/common/lightbox/nextlabel.gif]
[pdpf.weebly.com/uploads/1/1/5/5/11550089/7675350.jpg]
[cdn2.editmysite.com/sprites/util/inputs/checkmarkBox-s7868418152.png]
[pdpf.weebly.com/uploads/1/1/5/5/11550089/1943596_orig.jpg]
[pdpf.weebly.com/uploads/1/1/5/5/11550089/1943596.jpg]
[cdn2.editmysite.com/sprites/util/inputs/checkmarkBox/@2x-s211a47d318.png]
[pdpf.weebly.com/uploads/1/1/5/5/11550089/2545991.jpg]
[pdpf.weebly.com/uploads/1/1/5/5/11550089/7611219.jpg]
[cdn2.editmysite.com/images/util/inputs/search-input-bg.jpg]
[pdpf.weebly.com/uploads/1/1/5/5/11550089/7611219_orig.jpg]
[pdpf.weebly.com/uploads/1/1/5/5/11550089/4918235.jpg]
[pdpf.weebly.com/uploads/1/1/5/5/11550089/6819014.jpg]
[pdpf.weebly.com/uploads/1/1/5/5/11550089/8231006.jpg]
[cdn2.editmysite.com/images/common/magnifying-glass.png]
[pdpf.weebly.com/uploads/1/1/5/5/11550089/1874169.jpg]
[cdn2.editmysite.com/images/common/checkmarks/checkmark-mini.png]
[cdn2.editmysite.com/images/common/checkmarks/@2x/checkmark-mini.png]
[cdn2.editmysite.com/images/common/search-pagination-bg.png]
[pdpf.weebly.com/uploads/1/1/5/5/11550089/3868592_orig.jpg]
[pdpf.weebly.com/uploads/1/1/5/5/11550089/86678_orig.jpg]
[cdn2.editmysite.com/images/util/general/top-triangle-000.png]
[pdpf.weebly.com/uploads/1/1/5/5/11550089/5163511_orig.jpg]
[cdn2.editmysite.com/images/util/general/bottom-triangle-000.png]
[pdpf.weebly.com/uploads/1/1/5/5/11550089/7896433_orig.jpg]
[cdn2.editmysite.com/images/util/general/top-triangle-000@2x.png]
[pdpf.weebly.com/uploads/1/1/5/5/11550089/2042465.jpg]
[cdn2.editmysite.com/images/util/general/bottom-triangle-000@2x.png]
[cdn2.editmysite.com/images/site/footer/og-image-placeholder-blank.png]
[cdn2.editmysite.com/images/util/videojs/white-bar.png]
[cdn2.editmysite.com/images/util/videojs/@2x/white-bar.png]
[pdpf.weebly.com/uploads/1/1/5/5/11550089/2774376.jpg]
[cdn2.editmysite.com/sprites/common/social-icons-s5ea5500bdb.png]
[cdn2.editmysite.com/images/util/videojs/gradient.png]
[cdn2.editmysite.com/images/util/videojs/@2x/gradient.png]
[cdn2.editmysite.com/sprites/util/videojs/@2x-s2aff7e7d9a.png]
[cdn2.editmysite.com/sprites/util/videojs-sacae758aa2.png]
[cdn2.editmysite.com/sprites/common/social-icons/@2x-s0ae7d70c70.png]
[cdn2.editmysite.com/images/util/videojs/volume-filled.png]
[cdn2.editmysite.com/images/util/videojs/@2x/volume-filled.png]
[cdn2.editmysite.com/images/util/videojs/volume-mute.png]
[cdn2.editmysite.com/images/util/videojs/@2x/volume-mute.png]
[cdn2.editmysite.com/sprites/site/mini-cart-s86c48effae.png]
[cdn2.editmysite.com/images/util/videojs/blue-bar.png]
[cdn2.editmysite.com/images/util/videojs/maximize-icon.png]
[cdn2.editmysite.com/sprites/site/mini-cart/@2x-s576cbc3f90.png]
[cdn2.editmysite.com/images/util/videojs/@2x/sad-face.png]
[cdn2.editmysite.com/images/loading.gif]
[cdn2.editmysite.com/sprites/site/mobile/commerce-sdf6d4e852c.png]
[cdn2.editmysite.com/sprites/site/mobile/commerce/@2x-s82f968c453.png]
[cdn2.editmysite.com/images/site/checkout/paypal.png]
[cdn2.editmysite.com/images/site/checkout/@2x/paypal.png]
[cdn2.editmysite.com/images/site/checkout/credit-cards.png]
[cdn2.editmysite.com/images/site/checkout/@2x/credit-cards.png]
[cdn2.editmysite.com/images/site/checkout/print.png]
[cdn2.editmysite.com/images/site/checkout/print@2x.png]
[cdn2.editmysite.com/images/vendor/select2/select2.png]
[cdn2.editmysite.com/images/vendor/select2/select2-spinner.gif]
[cdn2.editmysite.com/images/vendor/select2/select2x2.png]
[cdn2.editmysite.com/images/util/spinner/spinner-dark.png]
[cdn2.editmysite.com/images/util/spinner/spinner-light.png]
[cdn2.editmysite.com/images/util/loading-white-w24.gif]
[cdn2.editmysite.com/images/common/form_input_bg.gif]
[cdn2.editmysite.com/sprites/site/forms-s3786257308.png]
[cdn2.editmysite.com/sprites/site/forms/@2x-s47607b315a.png]
[cdn2.editmysite.com/images/blank.gif]
[cdn2.editmysite.com/images/old/photoswipe/loader.gif]
[cdn2.editmysite.com/images/old/photoswipe/error.gif]
[cdn2.editmysite.com/images/old/photoswipe/icons.png]
[cdn2.editmysite.com/images/old/photoswipe/icons@2x.png]
[cdn2.editmysite.com/css/sitesd438.css]
[cdn2.editmysite.com/images/old/fancybox/fancybox_sprite.png]
[cdn2.editmysite.com/images/old/fancybox/fancybox_loading.gif]
[cdn2.editmysite.com/images/old/fancybox/blank.gif]
[cdn2.editmysite.com/images/old/fancybox/fancybox_overlay.png]
[cdn2.editmysite.com/css/old/fancybox81dc.css]
[cdn2.editmysite.com/css/social-icons4315.css]
[pdpf.weebly.com/files/theme/images/quotese5f4.png]
[pdpf.weebly.com/files/theme/images/default-bge5f4.jpg]
[pdpf.weebly.com/files/main_stylee5f4.css]
[cdn2.editmysite.com/js/lang/en/stlaf0d.js]
[pdpf.weebly.com/files/theme/images/select-dropdowne5f4.png]
[cdn2.editmysite.com/js/site/maind438.js]
[cdn2.editmysite.com/js/lang/en/stlf4ed.js]
[pdpf.weebly.com/nature.html]
[cdn2.editmysite.com/js/site/footerSignupd438.js]
[cdn2.editmysite.com/js/site/main-customer-accounts-sited438.js]
[cdn2.editmysite.com/js/wsnbn/snowday262.js]
[pdpf.weebly.com/o.html]
[pdpf.weebly.com/mustache.html]
[pdpf.weebly.com/formSubmit.html]
[pdpf.weebly.com/formSubmitAjax.html]
[pdpf.weebly.com/weebly/libraries/videojs/video-js.html]
[pdpf.weebly.com/AppleWebKit/index.html]
[pdpf.weebly.com/Mobile/index.html]
[pdpf.weebly.com/store/checkout/index.html]
[pdpf.weebly.com/ecommerce.html]
[pdpf.weebly.com/store/account/index.html]
[pdpf.weebly.com/images/customer-accounts/arrow-left.html]
[pdpf.weebly.com/images/customer-accounts/check.html]
[pdpf.weebly.com/images/customer-accounts/close-icon.html]
[pdpf.weebly.com/dist/index.html]
[pdpf.weebly.com/ABCDEFGHIJKLMNOPQRSTUVWXYZabcdefghijklmnopqrstuvwxyz0123456789+/index.html]
[pdpf.weebly.com/payload.html]
[pdpf.weebly.com/POST.html]
